Archive member included to satisfy reference by file (symbol)

/home/the_3d6/devtools/gcc-arm-none-eabi-8-2018-q4-major/bin/../lib/gcc/arm-none-eabi/8.2.1/../../../../arm-none-eabi/lib/thumb/v7e-m+fp/hard/libc_nano.a(lib_a-exit.o)
                              /home/the_3d6/devtools/gcc-arm-none-eabi-8-2018-q4-major/bin/../lib/gcc/arm-none-eabi/8.2.1/../../../../arm-none-eabi/lib/thumb/v7e-m+fp/hard/crt0.o (exit)
/home/the_3d6/devtools/gcc-arm-none-eabi-8-2018-q4-major/bin/../lib/gcc/arm-none-eabi/8.2.1/../../../../arm-none-eabi/lib/thumb/v7e-m+fp/hard/libc_nano.a(lib_a-impure.o)
                              /home/the_3d6/devtools/gcc-arm-none-eabi-8-2018-q4-major/bin/../lib/gcc/arm-none-eabi/8.2.1/../../../../arm-none-eabi/lib/thumb/v7e-m+fp/hard/libc_nano.a(lib_a-exit.o) (_global_impure_ptr)
/home/the_3d6/devtools/gcc-arm-none-eabi-8-2018-q4-major/bin/../lib/gcc/arm-none-eabi/8.2.1/../../../../arm-none-eabi/lib/thumb/v7e-m+fp/hard/libc_nano.a(lib_a-init.o)
                              /home/the_3d6/devtools/gcc-arm-none-eabi-8-2018-q4-major/bin/../lib/gcc/arm-none-eabi/8.2.1/../../../../arm-none-eabi/lib/thumb/v7e-m+fp/hard/crt0.o (__libc_init_array)
/home/the_3d6/devtools/gcc-arm-none-eabi-8-2018-q4-major/bin/../lib/gcc/arm-none-eabi/8.2.1/../../../../arm-none-eabi/lib/thumb/v7e-m+fp/hard/libc_nano.a(lib_a-memset.o)
                              /home/the_3d6/devtools/gcc-arm-none-eabi-8-2018-q4-major/bin/../lib/gcc/arm-none-eabi/8.2.1/../../../../arm-none-eabi/lib/thumb/v7e-m+fp/hard/crt0.o (memset)
/home/the_3d6/devtools/gcc-arm-none-eabi-8-2018-q4-major/bin/../lib/gcc/arm-none-eabi/8.2.1/../../../../arm-none-eabi/lib/thumb/v7e-m+fp/hard/libc_nano.a(lib_a-vsnprintf.o)
                              build/uboot_ble/urf_uart.c.o (vsnprintf)
/home/the_3d6/devtools/gcc-arm-none-eabi-8-2018-q4-major/bin/../lib/gcc/arm-none-eabi/8.2.1/../../../../arm-none-eabi/lib/thumb/v7e-m+fp/hard/libc_nano.a(lib_a-nano-svfprintf.o)
                              /home/the_3d6/devtools/gcc-arm-none-eabi-8-2018-q4-major/bin/../lib/gcc/arm-none-eabi/8.2.1/../../../../arm-none-eabi/lib/thumb/v7e-m+fp/hard/libc_nano.a(lib_a-vsnprintf.o) (_svfprintf_r)
/home/the_3d6/devtools/gcc-arm-none-eabi-8-2018-q4-major/bin/../lib/gcc/arm-none-eabi/8.2.1/../../../../arm-none-eabi/lib/thumb/v7e-m+fp/hard/libc_nano.a(lib_a-nano-vfprintf_i.o)
                              /home/the_3d6/devtools/gcc-arm-none-eabi-8-2018-q4-major/bin/../lib/gcc/arm-none-eabi/8.2.1/../../../../arm-none-eabi/lib/thumb/v7e-m+fp/hard/libc_nano.a(lib_a-nano-svfprintf.o) (_printf_i)
/home/the_3d6/devtools/gcc-arm-none-eabi-8-2018-q4-major/bin/../lib/gcc/arm-none-eabi/8.2.1/../../../../arm-none-eabi/lib/thumb/v7e-m+fp/hard/libc_nano.a(lib_a-memchr.o)
                              /home/the_3d6/devtools/gcc-arm-none-eabi-8-2018-q4-major/bin/../lib/gcc/arm-none-eabi/8.2.1/../../../../arm-none-eabi/lib/thumb/v7e-m+fp/hard/libc_nano.a(lib_a-nano-svfprintf.o) (memchr)
/home/the_3d6/devtools/gcc-arm-none-eabi-8-2018-q4-major/bin/../lib/gcc/arm-none-eabi/8.2.1/../../../../arm-none-eabi/lib/thumb/v7e-m+fp/hard/libc_nano.a(lib_a-memcpy-stub.o)
                              /home/the_3d6/devtools/gcc-arm-none-eabi-8-2018-q4-major/bin/../lib/gcc/arm-none-eabi/8.2.1/../../../../arm-none-eabi/lib/thumb/v7e-m+fp/hard/libc_nano.a(lib_a-nano-svfprintf.o) (memcpy)
/home/the_3d6/devtools/gcc-arm-none-eabi-8-2018-q4-major/bin/../lib/gcc/arm-none-eabi/8.2.1/../../../../arm-none-eabi/lib/thumb/v7e-m+fp/hard/libc_nano.a(lib_a-memmove.o)
                              /home/the_3d6/devtools/gcc-arm-none-eabi-8-2018-q4-major/bin/../lib/gcc/arm-none-eabi/8.2.1/../../../../arm-none-eabi/lib/thumb/v7e-m+fp/hard/libc_nano.a(lib_a-nano-svfprintf.o) (memmove)
/home/the_3d6/devtools/gcc-arm-none-eabi-8-2018-q4-major/bin/../lib/gcc/arm-none-eabi/8.2.1/../../../../arm-none-eabi/lib/thumb/v7e-m+fp/hard/libc_nano.a(lib_a-nano-freer.o)
                              /home/the_3d6/devtools/gcc-arm-none-eabi-8-2018-q4-major/bin/../lib/gcc/arm-none-eabi/8.2.1/../../../../arm-none-eabi/lib/thumb/v7e-m+fp/hard/libc_nano.a(lib_a-nano-svfprintf.o) (_free_r)
/home/the_3d6/devtools/gcc-arm-none-eabi-8-2018-q4-major/bin/../lib/gcc/arm-none-eabi/8.2.1/../../../../arm-none-eabi/lib/thumb/v7e-m+fp/hard/libc_nano.a(lib_a-nano-mallocr.o)
                              /home/the_3d6/devtools/gcc-arm-none-eabi-8-2018-q4-major/bin/../lib/gcc/arm-none-eabi/8.2.1/../../../../arm-none-eabi/lib/thumb/v7e-m+fp/hard/libc_nano.a(lib_a-nano-svfprintf.o) (_malloc_r)
/home/the_3d6/devtools/gcc-arm-none-eabi-8-2018-q4-major/bin/../lib/gcc/arm-none-eabi/8.2.1/../../../../arm-none-eabi/lib/thumb/v7e-m+fp/hard/libc_nano.a(lib_a-nano-reallocr.o)
                              /home/the_3d6/devtools/gcc-arm-none-eabi-8-2018-q4-major/bin/../lib/gcc/arm-none-eabi/8.2.1/../../../../arm-none-eabi/lib/thumb/v7e-m+fp/hard/libc_nano.a(lib_a-nano-svfprintf.o) (_realloc_r)
[...]
Memory Configuration

Name             Origin             Length             Attributes
FLASH            0x0000000000000000 0x0000000000004000 xr
RAM              0x0000000020000000 0x0000000000010000 xrw
*default*        0x0000000000000000 0xffffffffffffffff

Linker script and memory map


.text           0x0000000000000000     0x3a60
 *(.isr_vector)
 .isr_vector    0x0000000000000000      0x200 build/uboot_ble/gcc_startup_nrf52.S.o
                0x0000000000000000                __isr_vector
 *(.text*)
 .text          0x0000000000000200       0x40 /home/the_3d6/devtools/gcc-arm-none-eabi-8-2018-q4-major/bin/../lib/gcc/arm-none-eabi/8.2.1/thumb/v7e-m+fp/hard/crtbegin.o
 .text          0x0000000000000240       0x74 /home/the_3d6/devtools/gcc-arm-none-eabi-8-2018-q4-major/bin/../lib/gcc/arm-none-eabi/8.2.1/../../../../arm-none-eabi/lib/thumb/v7e-m+fp/hard/crt0.o
                0x0000000000000240                _mainCRTStartup
                0x0000000000000240                _start
 .text.spr      0x00000000000002b4       0x10 build/uboot_ble/main.c.o
                0x00000000000002b4                spr
 .text.fill_fw_services
                0x00000000000002c4      0x154 build/uboot_ble/main.c.o
                0x00000000000002c4                fill_fw_services
 .text.binary_exec
                0x0000000000000418       0x80 build/uboot_ble/main.c.o
                0x0000000000000418                binary_exec
 .text.erase_page
                0x0000000000000498       0x3c build/uboot_ble/main.c.o
                0x0000000000000498                erase_page
 .text.write_start
                0x00000000000004d4       0x20 build/uboot_ble/main.c.o
                0x00000000000004d4                write_start
 .text.write_word
                0x00000000000004f4       0x14 build/uboot_ble/main.c.o
                0x00000000000004f4                write_word
 .text.write_end
                0x0000000000000508       0x18 build/uboot_ble/main.c.o
                0x0000000000000508                write_end
 .text.bytes_to_uint32
                0x0000000000000520        0x6 build/uboot_ble/main.c.o
                0x0000000000000520                bytes_to_uint32
 *fill*         0x0000000000000526        0x2 
 .text.parse_in_packet
                0x0000000000000528      0x2ac build/uboot_ble/main.c.o
                0x0000000000000528                parse_in_packet
 .text.SystemInit
                0x00000000000007d4        0x2 build/uboot_ble/main.c.o
                0x00000000000007d4                SystemInit
 *fill*         0x00000000000007d6        0x2 
 .text.ble_boot_resp_err
                0x00000000000007d8       0x28 build/uboot_ble/main.c.o
                0x00000000000007d8                ble_boot_resp_err
 .text.process_ble_boot_pack
                0x0000000000000800      0x144 build/uboot_ble/main.c.o
                0x0000000000000800                process_ble_boot_pack
 .text.process_ble_bootloader
                0x0000000000000944      0x184 build/uboot_ble/main.c.o
                0x0000000000000944                process_ble_bootloader
 .text.btn_debounce_read
                0x0000000000000ac8       0x58 build/uboot_ble/main.c.o
                0x0000000000000ac8                btn_debounce_read
 .text.startup.main
                0x0000000000000b20      0x2b4 build/uboot_ble/main.c.o
                0x0000000000000b20                main
 .text.time_start
                0x0000000000000dd4       0x74 build/uboot_ble/urf_timer.c.o
                0x0000000000000dd4                time_start
 .text.time_stop
                0x0000000000000e48       0x24 build/uboot_ble/urf_timer.c.o
                0x0000000000000e48                time_stop
 .text.micros   0x0000000000000e6c       0x1c build/uboot_ble/urf_timer.c.o
                0x0000000000000e6c                micros
 .text.millis   0x0000000000000e88        0xc build/uboot_ble/urf_timer.c.o
                0x0000000000000e88                millis
 .text.schedule_event
                0x0000000000000e94       0x70 build/uboot_ble/urf_timer.c.o
                0x0000000000000e94                schedule_event
 .text.schedule_event_delayed
                0x0000000000000f04       0x20 build/uboot_ble/urf_timer.c.o
                0x0000000000000f04                schedule_event_delayed
 .text.schedule_event_stop
                0x0000000000000f24        0xc build/uboot_ble/urf_timer.c.o
                0x0000000000000f24                schedule_event_stop
 .text.schedule_event_adjust
                0x0000000000000f30       0x14 build/uboot_ble/urf_timer.c.o
                0x0000000000000f30                schedule_event_adjust
 .text.TIMER3_IRQHandler
                0x0000000000000f44       0x9c build/uboot_ble/urf_timer.c.o
                0x0000000000000f44                TIMER3_IRQHandler
 .text.TIMER2_IRQHandler
                0x0000000000000fe0       0x64 build/uboot_ble/urf_timer.c.o
                0x0000000000000fe0                TIMER2_IRQHandler
 .text.delay_ms
                0x0000000000001044       0x24 build/uboot_ble/urf_timer.c.o
                0x0000000000001044                delay_ms
 .text.rf_disable
                0x0000000000001068       0x4c build/uboot_ble/urf_radio.c.o
                0x0000000000001068                rf_disable
 .text.rf_init_ext
                0x00000000000010b4      0x104 build/uboot_ble/urf_radio.c.o
                0x00000000000010b4                rf_init_ext
 .text.rf_init  0x00000000000011b8       0x20 build/uboot_ble/urf_radio.c.o
                0x00000000000011b8                rf_init
 .text.rf_mode_rx_only
                0x00000000000011d8       0x3c build/uboot_ble/urf_radio.c.o
                0x00000000000011d8                rf_mode_rx_only
 .text.rf_mode_tx_only
                0x0000000000001214       0x44 build/uboot_ble/urf_radio.c.o
                0x0000000000001214                rf_mode_tx_only
 .text.rf_mode_tx_then_rx
                0x0000000000001258       0x84 build/uboot_ble/urf_radio.c.o
                0x0000000000001258                rf_mode_tx_then_rx
 .text.rf_listen
                0x00000000000012dc       0x24 build/uboot_ble/urf_radio.c.o
                0x00000000000012dc                rf_listen
 .text.rf_send_and_listen
                0x0000000000001300       0x50 build/uboot_ble/urf_radio.c.o
                0x0000000000001300                rf_send_and_listen
 .text.rf_has_new_packet
                0x0000000000001350       0x18 build/uboot_ble/urf_radio.c.o
                0x0000000000001350                rf_has_new_packet
 .text.rf_get_packet
                0x0000000000001368       0x34 build/uboot_ble/urf_radio.c.o
                0x0000000000001368                rf_get_packet
 .text.rf_override_irq
                0x000000000000139c        0xc build/uboot_ble/urf_radio.c.o
                0x000000000000139c                rf_override_irq
 .text.rf_dettach_rx_irq
                0x00000000000013a8        0xc build/uboot_ble/urf_radio.c.o
                0x00000000000013a8                rf_dettach_rx_irq
 .text.rf_dettach_tx_irq
                0x00000000000013b4        0xc build/uboot_ble/urf_radio.c.o
                0x00000000000013b4                rf_dettach_tx_irq
 .text.rf_clear_events
                0x00000000000013c0       0x40 build/uboot_ble/urf_radio.c.o
                0x00000000000013c0                rf_clear_events
 .text.RADIO_IRQHandler
                0x0000000000001400      0x164 build/uboot_ble/urf_radio.c.o
                0x0000000000001400                RADIO_IRQHandler
 .text.uart_update_tx
                0x0000000000001564       0x80 build/uboot_ble/urf_uart.c.o
                0x0000000000001564                uart_update_tx
 .text.UARTE0_UART0_IRQHandler
                0x00000000000015e4       0xd0 build/uboot_ble/urf_uart.c.o
                0x00000000000015e4                UARTE0_UART0_IRQHandler
 .text.ble_channel_to_frequency
                0x00000000000016b4       0x26 build/uboot_ble/urf_ble_peripheral.c.o
                0x00000000000016b4                ble_channel_to_frequency
 *fill*         0x00000000000016da        0x2 
 .text.ble_LL_update_channel_map
                0x00000000000016dc       0x44 build/uboot_ble/urf_ble_peripheral.c.o
                0x00000000000016dc                ble_LL_update_channel_map
 .text.ble_LL_is_channel_used
                0x0000000000001720       0x34 build/uboot_ble/urf_ble_peripheral.c.o
                0x0000000000001720                ble_LL_is_channel_used
 .text.ble_LL_get_next_channel
                0x0000000000001754       0x44 build/uboot_ble/urf_ble_peripheral.c.o
                0x0000000000001754                ble_LL_get_next_channel
 .text.ble_LL_send_PDU
                0x0000000000001798       0x70 build/uboot_ble/urf_ble_peripheral.c.o
                0x0000000000001798                ble_LL_send_PDU
 .text.ble_LL_respond_PDU
                0x0000000000001808       0x44 build/uboot_ble/urf_ble_peripheral.c.o
                0x0000000000001808                ble_LL_respond_PDU
 .text.ble_set_our_mac
                0x000000000000184c       0x18 build/uboot_ble/urf_ble_peripheral.c.o
                0x000000000000184c                ble_set_our_mac
 .text.ble_prepare_adv_pdu
                0x0000000000001864       0x38 build/uboot_ble/urf_ble_peripheral.c.o
                0x0000000000001864                ble_prepare_adv_pdu
 .text.ble_init_radio
                0x000000000000189c       0xb8 build/uboot_ble/urf_ble_peripheral.c.o
                0x000000000000189c                ble_init_radio
 .text.ble_LL_hop
                0x0000000000001954      0x244 build/uboot_ble/urf_ble_peripheral.c.o
                0x0000000000001954                ble_LL_hop
 .text.ble_LL_start_connect
                0x0000000000001b98       0xf0 build/uboot_ble/urf_ble_peripheral.c.o
                0x0000000000001b98                ble_LL_start_connect
 .text.ble_LL_feature_rsp
                0x0000000000001c88       0x2a build/uboot_ble/urf_ble_peripheral.c.o
                0x0000000000001c88                ble_LL_feature_rsp
 .text.ble_LL_feature_req_active
                0x0000000000001cb2       0x2a build/uboot_ble/urf_ble_peripheral.c.o
                0x0000000000001cb2                ble_LL_feature_req_active
 .text.ble_LL_length_rsp
                0x0000000000001cdc       0x1e build/uboot_ble/urf_ble_peripheral.c.o
                0x0000000000001cdc                ble_LL_length_rsp
 *fill*         0x0000000000001cfa        0x2 
 .text.ble_LL_enc_rsp
                0x0000000000001cfc       0x40 build/uboot_ble/urf_ble_peripheral.c.o
                0x0000000000001cfc                ble_LL_enc_rsp
 .text.ble_LL_start_enc_req_rsp
                0x0000000000001d3c       0x78 build/uboot_ble/urf_ble_peripheral.c.o
                0x0000000000001d3c                ble_LL_start_enc_req_rsp
 .text.ble_LL_terminate_ind
                0x0000000000001db4       0x1c build/uboot_ble/urf_ble_peripheral.c.o
                0x0000000000001db4                ble_LL_terminate_ind
 .text.ble_LL_enc_req
                0x0000000000001dd0       0x8c build/uboot_ble/urf_ble_peripheral.c.o
                0x0000000000001dd0                ble_LL_enc_req
 .text.ble_LL_version_ind_req
                0x0000000000001e5c       0x2c build/uboot_ble/urf_ble_peripheral.c.o
                0x0000000000001e5c                ble_LL_version_ind_req
 .text.ble_LL_channel_map_req
                0x0000000000001e88       0x40 build/uboot_ble/urf_ble_peripheral.c.o
                0x0000000000001e88                ble_LL_channel_map_req
 .text.ble_LL_connect_update_req
                0x0000000000001ec8       0x48 build/uboot_ble/urf_ble_peripheral.c.o
                0x0000000000001ec8                ble_LL_connect_update_req
 .text.ble_LL_length_rsp_process
                0x0000000000001f10       0x20 build/uboot_ble/urf_ble_peripheral.c.o
                0x0000000000001f10                ble_LL_length_rsp_process
 .text.ble_LL_process_answer
                0x0000000000001f30       0xe4 build/uboot_ble/urf_ble_peripheral.c.o
                0x0000000000001f30                ble_LL_process_answer
 .text.ble_process_LL_control
                0x0000000000002014      0x10c build/uboot_ble/urf_ble_peripheral.c.o
                0x0000000000002014                ble_process_LL_control
 .text.ble_process_LL_data
                0x0000000000002120      0x1a0 build/uboot_ble/urf_ble_peripheral.c.o
                0x0000000000002120                ble_process_LL_data
 .text.ble_LL_empty_PDU
                0x00000000000022c0       0x48 build/uboot_ble/urf_ble_peripheral.c.o
                0x00000000000022c0                ble_LL_empty_PDU
 .text.ble_conn_irq
                0x0000000000002308      0x21c build/uboot_ble/urf_ble_peripheral.c.o
                0x0000000000002308                ble_conn_irq
 .text.ble_adv_irq
                0x0000000000002524      0x244 build/uboot_ble/urf_ble_peripheral.c.o
                0x0000000000002524                ble_adv_irq
 .text.ble_radio_irq
                0x0000000000002768       0x5c build/uboot_ble/urf_ble_peripheral.c.o
                0x0000000000002768                ble_radio_irq
 .text.ble_get_conn_state
                0x00000000000027c4       0x10 build/uboot_ble/urf_ble_peripheral.c.o
                0x00000000000027c4                ble_get_conn_state
 .text.ble_peripheral_set_ER
                0x00000000000027d4        0xc build/uboot_ble/urf_ble_peripheral.c.o
                0x00000000000027d4                ble_peripheral_set_ER
 .text.ble_peripheral_set_IR
                0x00000000000027e0        0xc build/uboot_ble/urf_ble_peripheral.c.o
                0x00000000000027e0                ble_peripheral_set_IR
 .text.ble_peripheral_generate_keys
                0x00000000000027ec        0xc build/uboot_ble/urf_ble_peripheral.c.o
                0x00000000000027ec                ble_peripheral_generate_keys
 .text.ble_peripheral_generate_mac
                0x00000000000027f8       0x38 build/uboot_ble/urf_ble_peripheral.c.o
                0x00000000000027f8                ble_peripheral_generate_mac
 .text.ble_rand_init
                0x0000000000002830       0xa4 build/uboot_ble/urf_ble_encryption.c.o
                0x0000000000002830                ble_rand_init
 .text.ble_rand_num
                0x00000000000028d4       0x34 build/uboot_ble/urf_ble_encryption.c.o
                0x00000000000028d4                ble_rand_num
 .text.ble_rand_fill8
                0x0000000000002908       0x2a build/uboot_ble/urf_ble_encryption.c.o
                0x0000000000002908                ble_rand_fill8
 *fill*         0x0000000000002932        0x2 
 .text.ble_encr_fill_key
                0x0000000000002934       0x14 build/uboot_ble/urf_ble_encryption.c.o
                0x0000000000002934                ble_encr_fill_key
 .text.ble_encr_e_inv
                0x0000000000002948       0x48 build/uboot_ble/urf_ble_encryption.c.o
                0x0000000000002948                ble_encr_e_inv
 .text.ble_encr_e
                0x0000000000002990       0x50 build/uboot_ble/urf_ble_encryption.c.o
                0x0000000000002990                ble_encr_e
 .text.ble_encr_ah
                0x00000000000029e0       0x46 build/uboot_ble/urf_ble_encryption.c.o
                0x00000000000029e0                ble_encr_ah
 .text.ble_encr_c1
                0x0000000000002a26       0x98 build/uboot_ble/urf_ble_encryption.c.o
                0x0000000000002a26                ble_encr_c1
 .text.ble_encr_s1
                0x0000000000002abe       0x2a build/uboot_ble/urf_ble_encryption.c.o
                0x0000000000002abe                ble_encr_s1
 .text.ble_encr_ccm_fill_array
                0x0000000000002ae8       0xb4 build/uboot_ble/urf_ble_encryption.c.o
                0x0000000000002ae8                ble_encr_ccm_fill_array
 .text.ble_encr_ccm_config
                0x0000000000002b9c       0x60 build/uboot_ble/urf_ble_encryption.c.o
                0x0000000000002b9c                ble_encr_ccm_config
 .text.test_str_to_arr2
                0x0000000000002bfc       0x74 build/uboot_ble/urf_ble_encryption.c.o
                0x0000000000002bfc                test_str_to_arr2
 .text.ble_encr_set_ER
                0x0000000000002c70        0xc build/uboot_ble/urf_ble_encryption.c.o
                0x0000000000002c70                ble_encr_set_ER
 .text.ble_encr_set_IR
                0x0000000000002c7c        0xc build/uboot_ble/urf_ble_encryption.c.o
                0x0000000000002c7c                ble_encr_set_IR
 .text.ble_encr_generate_keys
                0x0000000000002c88       0x40 build/uboot_ble/urf_ble_encryption.c.o
                0x0000000000002c88                ble_encr_generate_keys
 .text.ble_encr_restore_keys
                0x0000000000002cc8       0x24 build/uboot_ble/urf_ble_encryption.c.o
                0x0000000000002cc8                ble_encr_restore_keys
 .text.ble_smp_pair_request
                0x0000000000002cec       0x44 build/uboot_ble/urf_ble_smp_process.c.o
                0x0000000000002cec                ble_smp_pair_request
 .text.ble_smp_pair_confirm
                0x0000000000002d30       0x88 build/uboot_ble/urf_ble_smp_process.c.o
                0x0000000000002d30                ble_smp_pair_confirm
 .text.ble_smp_pair_random
                0x0000000000002db8       0xb6 build/uboot_ble/urf_ble_smp_process.c.o
                0x0000000000002db8                ble_smp_pair_random
 .text.ble_smp_encryption_information_send
                0x0000000000002e6e       0x34 build/uboot_ble/urf_ble_smp_process.c.o
                0x0000000000002e6e                ble_smp_encryption_information_send
 .text.ble_smp_master_identification_send
                0x0000000000002ea2       0x38 build/uboot_ble/urf_ble_smp_process.c.o
                0x0000000000002ea2                ble_smp_master_identification_send
 .text.ble_smp_identity_info_send
                0x0000000000002eda       0x2a build/uboot_ble/urf_ble_smp_process.c.o
                0x0000000000002eda                ble_smp_identity_info_send
 .text.ble_smp_identity_address_info_send
                0x0000000000002f04       0x24 build/uboot_ble/urf_ble_smp_process.c.o
                0x0000000000002f04                ble_smp_identity_address_info_send
 .text.ble_smp_signing_info_send
                0x0000000000002f28       0x24 build/uboot_ble/urf_ble_smp_process.c.o
                0x0000000000002f28                ble_smp_signing_info_send
 .text.ble_process_SMP
                0x0000000000002f4c       0x36 build/uboot_ble/urf_ble_smp_process.c.o
                0x0000000000002f4c                ble_process_SMP
 .text.ble_SMP_notify_security
                0x0000000000002f82        0x6 build/uboot_ble/urf_ble_smp_process.c.o
                0x0000000000002f82                ble_SMP_notify_security
 .text.ble_check_SMP
                0x0000000000002f88       0xa4 build/uboot_ble/urf_ble_smp_process.c.o
                0x0000000000002f88                ble_check_SMP
 .text.ble_update_our_mtu
                0x000000000000302c       0x1c build/uboot_ble/urf_ble_att_process.c.o
                0x000000000000302c                ble_update_our_mtu
 .text.ble_add_service
                0x0000000000003048       0x28 build/uboot_ble/urf_ble_att_process.c.o
                0x0000000000003048                ble_add_service
 .text.ble_add_characteristic
                0x0000000000003070       0x28 build/uboot_ble/urf_ble_att_process.c.o
                0x0000000000003070                ble_add_characteristic
 .text.ble_uuid_from_text
                0x0000000000003098       0x9c build/uboot_ble/urf_ble_att_process.c.o
                0x0000000000003098                ble_uuid_from_text
 .text.fill_characteristics_value_to_buf
                0x0000000000003134       0x1a build/uboot_ble/urf_ble_att_process.c.o
                0x0000000000003134                fill_characteristics_value_to_buf
 *fill*         0x000000000000314e        0x2 
 .text.ble_process_ATT
                0x0000000000003150      0x6f0 build/uboot_ble/urf_ble_att_process.c.o
                0x0000000000003150                ble_process_ATT
 .text.ble_clear_notifications
                0x0000000000003840       0x40 build/uboot_ble/urf_ble_att_process.c.o
                0x0000000000003840                ble_clear_notifications
 .text.ble_check_notifications
                0x0000000000003880       0x54 build/uboot_ble/urf_ble_att_process.c.o
                0x0000000000003880                ble_check_notifications
 .text.ble_check_ATT
                0x00000000000038d4        0x4 build/uboot_ble/urf_ble_att_process.c.o
                0x00000000000038d4                ble_check_ATT
 .text          0x00000000000038d8       0x3c build/uboot_ble/gcc_startup_nrf52.S.o
                0x00000000000038d8                Reset_Handler
                0x0000000000003900                NMI_Handler
                0x0000000000003902                HardFault_Handler
                0x0000000000003904                MemoryManagement_Handler
                0x0000000000003906                BusFault_Handler
                0x0000000000003908                UsageFault_Handler
                0x000000000000390a                SVC_Handler
                0x000000000000390c                DebugMon_Handler
                0x000000000000390e                PendSV_Handler
                0x0000000000003910                SysTick_Handler
                0x0000000000003912                RTC0_IRQHandler
                0x0000000000003912                SWI0_EGU0_IRQHandler
                0x0000000000003912                SWI2_EGU2_IRQHandler
                0x0000000000003912                GPIOTE_IRQHandler
                0x0000000000003912                PWM1_IRQHandler
                0x0000000000003912                POWER_CLOCK_IRQHandler
                0x0000000000003912                PDM_IRQHandler
                0x0000000000003912                TEMP_IRQHandler
                0x0000000000003912                QDEC_IRQHandler
                0x0000000000003912                FPU_IRQHandler
                0x0000000000003912                SPIM0_SPIS0_TWIM0_TWIS0_SPI0_TWI0_IRQHandler
                0x0000000000003912                TIMER4_IRQHandler
                0x0000000000003912                I2S_IRQHandler
                0x0000000000003912                SWI4_EGU4_IRQHandler
                0x0000000000003912                TIMER0_IRQHandler
                0x0000000000003912                TIMER1_IRQHandler
                0x0000000000003912                PWM2_IRQHandler
                0x0000000000003912                ECB_IRQHandler
                0x0000000000003912                SPIM1_SPIS1_TWIM1_TWIS1_SPI1_TWI1_IRQHandler
                0x0000000000003912                Default_Handler
                0x0000000000003912                SAADC_IRQHandler
                0x0000000000003912                CCM_AAR_IRQHandler
                0x0000000000003912                WDT_IRQHandler
                0x0000000000003912                SWI5_EGU5_IRQHandler
                0x0000000000003912                RNG_IRQHandler
                0x0000000000003912                RTC2_IRQHandler
                0x0000000000003912                PWM0_IRQHandler
                0x0000000000003912                SWI3_EGU3_IRQHandler
                0x0000000000003912                RTC1_IRQHandler
                0x0000000000003912                SWI1_EGU1_IRQHandler
                0x0000000000003912                SPIM2_SPIS2_SPI2_IRQHandler
                0x0000000000003912                NFCT_IRQHandler
                0x0000000000003912                MWU_IRQHandler
                0x0000000000003912                COMP_LPCOMP_IRQHandler
 .text.exit     0x0000000000003914       0x28 /home/the_3d6/devtools/gcc-arm-none-eabi-8-2018-q4-major/bin/../lib/gcc/arm-none-eabi/8.2.1/../../../../arm-none-eabi/lib/thumb/v7e-m+fp/hard/libc_nano.a(lib_a-exit.o)
                0x0000000000003914                exit
 .text.__libc_init_array
                0x000000000000393c       0x48 /home/the_3d6/devtools/gcc-arm-none-eabi-8-2018-q4-major/bin/../lib/gcc/arm-none-eabi/8.2.1/../../../../arm-none-eabi/lib/thumb/v7e-m+fp/hard/libc_nano.a(lib_a-init.o)
                0x000000000000393c                __libc_init_array
 .text.memset   0x0000000000003984       0x10 /home/the_3d6/devtools/gcc-arm-none-eabi-8-2018-q4-major/bin/../lib/gcc/arm-none-eabi/8.2.1/../../../../arm-none-eabi/lib/thumb/v7e-m+fp/hard/libc_nano.a(lib_a-memset.o)
                0x0000000000003984                memset
 .text._exit    0x0000000000003994        0x4 /home/the_3d6/devtools/gcc-arm-none-eabi-8-2018-q4-major/bin/../lib/gcc/arm-none-eabi/8.2.1/../../../../arm-none-eabi/lib/thumb/v7e-m+fp/hard/libnosys.a(_exit.o)
                0x0000000000003994                _exit
 *(.init)
 .init          0x0000000000003998        0x4 /home/the_3d6/devtools/gcc-arm-none-eabi-8-2018-q4-major/bin/../lib/gcc/arm-none-eabi/8.2.1/thumb/v7e-m+fp/hard/crti.o
                0x0000000000003998                _init
 .init          0x000000000000399c        0x8 /home/the_3d6/devtools/gcc-arm-none-eabi-8-2018-q4-major/bin/../lib/gcc/arm-none-eabi/8.2.1/thumb/v7e-m+fp/hard/crtn.o
 *(.fini)
 .fini          0x00000000000039a4        0x4 /home/the_3d6/devtools/gcc-arm-none-eabi-8-2018-q4-major/bin/../lib/gcc/arm-none-eabi/8.2.1/thumb/v7e-m+fp/hard/crti.o
                0x00000000000039a4                _fini
 .fini          0x00000000000039a8        0x8 /home/the_3d6/devtools/gcc-arm-none-eabi-8-2018-q4-major/bin/../lib/gcc/arm-none-eabi/8.2.1/thumb/v7e-m+fp/hard/crtn.o
 *crtbegin.o(.ctors)
 *crtbegin?.o(.ctors)
 *(EXCLUDE_FILE(*crtend.o *crtend?.o) .ctors)
 *(SORT_BY_NAME(.ctors.*))
 *(.ctors)
 *crtbegin.o(.dtors)
 *crtbegin?.o(.dtors)
 *(EXCLUDE_FILE(*crtend.o *crtend?.o) .dtors)
 *(SORT_BY_NAME(.dtors.*))
 *(.dtors)
 *(.rodata*)
 .rodata.fill_fw_services.str1.1
                0x00000000000039b0       0x9d build/uboot_ble/main.c.o
 .rodata.process_ble_bootloader.str1.1
                0x0000000000003a4d        0xa build/uboot_ble/main.c.o
 *fill*         0x0000000000003a57        0x1 
 .rodata._global_impure_ptr
                0x0000000000003a58        0x4 /home/the_3d6/devtools/gcc-arm-none-eabi-8-2018-q4-major/bin/../lib/gcc/arm-none-eabi/8.2.1/../../../../arm-none-eabi/lib/thumb/v7e-m+fp/hard/libc_nano.a(lib_a-impure.o)
                0x0000000000003a58                _global_impure_ptr
 *(.eh_frame*)
 .eh_frame      0x0000000000003a5c        0x0 /home/the_3d6/devtools/gcc-arm-none-eabi-8-2018-q4-major/bin/../lib/gcc/arm-none-eabi/8.2.1/thumb/v7e-m+fp/hard/crtbegin.o
 .eh_frame      0x0000000000003a5c        0x4 /home/the_3d6/devtools/gcc-arm-none-eabi-8-2018-q4-major/bin/../lib/gcc/arm-none-eabi/8.2.1/thumb/v7e-m+fp/hard/crtend.o

.glue_7         0x0000000000003a60        0x0
 .glue_7        0x0000000000003a60        0x0 linker stubs

.glue_7t        0x0000000000003a60        0x0
 .glue_7t       0x0000000000003a60        0x0 linker stubs

.vfp11_veneer   0x0000000000003a60        0x0
 .vfp11_veneer  0x0000000000003a60        0x0 linker stubs

.v4_bx          0x0000000000003a60        0x0
 .v4_bx         0x0000000000003a60        0x0 linker stubs

.iplt           0x0000000000003a60        0x0
 .iplt          0x0000000000003a60        0x0 /home/the_3d6/devtools/gcc-arm-none-eabi-8-2018-q4-major/bin/../lib/gcc/arm-none-eabi/8.2.1/thumb/v7e-m+fp/hard/crtbegin.o

.mem_section_dummy_rom

.log_const_data
                0x0000000000003a60        0x0
                [!provide]                        PROVIDE (__start_log_const_data = .)
 *(.log_const_data)
                [!provide]                        PROVIDE (__stop_log_const_data = .)

.ARM.extab
 *(.ARM.extab* .gnu.linkonce.armextab.*)
                0x0000000000003a60                __exidx_start = .

.ARM.exidx      0x0000000000003a60        0x8
 *(.ARM.exidx* .gnu.linkonce.armexidx.*)
 .ARM.exidx     0x0000000000003a60        0x8 /home/the_3d6/devtools/gcc-arm-none-eabi-8-2018-q4-major/bin/../lib/gcc/arm-none-eabi/8.2.1/../../../../arm-none-eabi/lib/thumb/v7e-m+fp/hard/crt0.o
                0x0000000000003a68                __exidx_end = .
                0x0000000000003a68                __etext = .

.rel.dyn        0x0000000000003a68        0x0
 .rel.iplt      0x0000000000003a68        0x0 /home/the_3d6/devtools/gcc-arm-none-eabi-8-2018-q4-major/bin/../lib/gcc/arm-none-eabi/8.2.1/thumb/v7e-m+fp/hard/crtbegin.o

.data           0x0000000020000000       0xc4 load address 0x0000000000003a68
                0x0000000020000000                __data_start__ = .
 *(vtable)
 *(.data*)
 .data.adv_ch.8368
                0x0000000020000000        0x4 build/uboot_ble/main.c.o
 .data.button_pin
                0x0000000020000004        0x1 build/uboot_ble/main.c.o
                0x0000000020000004                button_pin
 .data.gen_mac  0x0000000020000005        0x6 build/uboot_ble/main.c.o
                0x0000000020000005                gen_mac
 .data.led_pin  0x000000002000000b        0x1 build/uboot_ble/main.c.o
                0x000000002000000b                led_pin
 .data.next_rnd
                0x000000002000000c        0x4 build/uboot_ble/main.c.o
                0x000000002000000c                next_rnd
 .data.pack_prefix
                0x0000000020000010        0x2 build/uboot_ble/main.c.o
                0x0000000020000010                pack_prefix
 .data.upload_start_code
                0x0000000020000012        0x8 build/uboot_ble/main.c.o
                0x0000000020000012                upload_start_code
 .data.upload_start_code_ble
                0x000000002000001a        0x8 build/uboot_ble/main.c.o
                0x000000002000001a                upload_start_code_ble
 *fill*         0x0000000020000022        0x2 
 .data.timer_ints_per_ms
                0x0000000020000024        0x4 build/uboot_ble/urf_timer.c.o
                0x0000000020000024                timer_ints_per_ms
 .data.pack_max_length
                0x0000000020000028        0x4 build/uboot_ble/urf_radio.c.o
                0x0000000020000028                pack_max_length
 .data.send_complete
                0x000000002000002c        0x4 build/uboot_ble/urf_uart.c.o
                0x000000002000002c                send_complete
 .data.send_tx_size
                0x0000000020000030        0x4 build/uboot_ble/urf_uart.c.o
                0x0000000020000030                send_tx_size
 .data.uart_rx_length
                0x0000000020000034        0x4 build/uboot_ble/urf_uart.c.o
                0x0000000020000034                uart_rx_length
 .data.uart_tx_length
                0x0000000020000038        0x4 build/uboot_ble/urf_uart.c.o
                0x0000000020000038                uart_tx_length
 .data.avg_hop_to_rx
                0x000000002000003c        0x4 build/uboot_ble/urf_ble_peripheral.c.o
                0x000000002000003c                avg_hop_to_rx
 .data.ble_LL_channel_count
                0x0000000020000040        0x1 build/uboot_ble/urf_ble_peripheral.c.o
                0x0000000020000040                ble_LL_channel_count
 *fill*         0x0000000020000041        0x3 
 .data.ble_LL_pending_answer
                0x0000000020000044        0x4 build/uboot_ble/urf_ble_peripheral.c.o
                0x0000000020000044                ble_LL_pending_answer
 .data.ble_current_channel
                0x0000000020000048        0x4 build/uboot_ble/urf_ble_peripheral.c.o
                0x0000000020000048                ble_current_channel
 .data.ble_is_connectable
                0x000000002000004c        0x4 build/uboot_ble/urf_ble_peripheral.c.o
                0x000000002000004c                ble_is_connectable
 .data.ble_last_rx_pack
                0x0000000020000050        0x4 build/uboot_ble/urf_ble_peripheral.c.o
                0x0000000020000050                ble_last_rx_pack
 .data.ble_rand_cur
                0x0000000020000054        0x4 build/uboot_ble/urf_ble_encryption.c.o
                0x0000000020000054                ble_rand_cur
 .data.ble_our_max_mtu
                0x0000000020000058        0x1 build/uboot_ble/urf_ble_att_process.c.o
                0x0000000020000058                ble_our_max_mtu
 *fill*         0x0000000020000059        0x3 
 .data.impure_data
                0x000000002000005c       0x60 /home/the_3d6/devtools/gcc-arm-none-eabi-8-2018-q4-major/bin/../lib/gcc/arm-none-eabi/8.2.1/../../../../arm-none-eabi/lib/thumb/v7e-m+fp/hard/libc_nano.a(lib_a-impure.o)
                0x00000000200000bc                . = ALIGN (0x4)
                0x00000000200000bc                PROVIDE (__preinit_array_start = .)
 *(.preinit_array)
                0x00000000200000bc                PROVIDE (__preinit_array_end = .)
                0x00000000200000bc                . = ALIGN (0x4)
                0x00000000200000bc                PROVIDE (__init_array_start = .)
 *(SORT_BY_NAME(.init_array.*))
 *(.init_array)
 .init_array    0x00000000200000bc        0x4 /home/the_3d6/devtools/gcc-arm-none-eabi-8-2018-q4-major/bin/../lib/gcc/arm-none-eabi/8.2.1/thumb/v7e-m+fp/hard/crtbegin.o
                0x00000000200000c0                PROVIDE (__init_array_end = .)
                0x00000000200000c0                . = ALIGN (0x4)
                [!provide]                        PROVIDE (__fini_array_start = .)
 *(SORT_BY_NAME(.fini_array.*))
 *(.fini_array)
 .fini_array    0x00000000200000c0        0x4 /home/the_3d6/devtools/gcc-arm-none-eabi-8-2018-q4-major/bin/../lib/gcc/arm-none-eabi/8.2.1/thumb/v7e-m+fp/hard/crtbegin.o
                [!provide]                        PROVIDE (__fini_array_end = .)
 *(.jcr*)
                0x00000000200000c4                . = ALIGN (0x4)
                0x00000000200000c4                __data_end__ = .
LOAD /home/the_3d6/devtools/gcc-arm-none-eabi-8-2018-q4-major/bin/../lib/gcc/arm-none-eabi/8.2.1/thumb/v7e-m+fp/hard/crti.o
LOAD /home/the_3d6/devtools/gcc-arm-none-eabi-8-2018-q4-major/bin/../lib/gcc/arm-none-eabi/8.2.1/thumb/v7e-m+fp/hard/crtbegin.o
LOAD /home/the_3d6/devtools/gcc-arm-none-eabi-8-2018-q4-major/bin/../lib/gcc/arm-none-eabi/8.2.1/../../../../arm-none-eabi/lib/thumb/v7e-m+fp/hard/crt0.o
LOAD build/uboot_ble/main.c.o
LOAD build/uboot_ble/urf_timer.c.o
LOAD build/uboot_ble/urf_radio.c.o
LOAD build/uboot_ble/urf_uart.c.o
LOAD build/uboot_ble/urf_ble_peripheral.c.o
LOAD build/uboot_ble/urf_ble_encryption.c.o
LOAD build/uboot_ble/urf_ble_smp_process.c.o
LOAD build/uboot_ble/urf_ble_att_process.c.o
LOAD build/uboot_ble/gcc_startup_nrf52.S.o
LOAD /home/the_3d6/devtools/gcc-arm-none-eabi-8-2018-q4-major/bin/../lib/gcc/arm-none-eabi/8.2.1/../../../../arm-none-eabi/lib/thumb/v7e-m+fp/hard/libc_nano.a
LOAD /home/the_3d6/devtools/gcc-arm-none-eabi-8-2018-q4-major/bin/../lib/gcc/arm-none-eabi/8.2.1/../../../../arm-none-eabi/lib/thumb/v7e-m+fp/hard/libnosys.a
LOAD /home/the_3d6/devtools/gcc-arm-none-eabi-8-2018-q4-major/bin/../lib/gcc/arm-none-eabi/8.2.1/../../../../arm-none-eabi/lib/thumb/v7e-m+fp/hard/libm.a
START GROUP
LOAD /home/the_3d6/devtools/gcc-arm-none-eabi-8-2018-q4-major/bin/../lib/gcc/arm-none-eabi/8.2.1/thumb/v7e-m+fp/hard/libgcc.a
LOAD /home/the_3d6/devtools/gcc-arm-none-eabi-8-2018-q4-major/bin/../lib/gcc/arm-none-eabi/8.2.1/../../../../arm-none-eabi/lib/thumb/v7e-m+fp/hard/libc_nano.a
END GROUP
START GROUP
LOAD /home/the_3d6/devtools/gcc-arm-none-eabi-8-2018-q4-major/bin/../lib/gcc/arm-none-eabi/8.2.1/thumb/v7e-m+fp/hard/libgcc.a
LOAD /home/the_3d6/devtools/gcc-arm-none-eabi-8-2018-q4-major/bin/../lib/gcc/arm-none-eabi/8.2.1/../../../../arm-none-eabi/lib/thumb/v7e-m+fp/hard/libc_nano.a
END GROUP
LOAD /home/the_3d6/devtools/gcc-arm-none-eabi-8-2018-q4-major/bin/../lib/gcc/arm-none-eabi/8.2.1/thumb/v7e-m+fp/hard/crtend.o
LOAD /home/the_3d6/devtools/gcc-arm-none-eabi-8-2018-q4-major/bin/../lib/gcc/arm-none-eabi/8.2.1/thumb/v7e-m+fp/hard/crtn.o
START GROUP
LOAD /home/the_3d6/devtools/gcc-arm-none-eabi-8-2018-q4-major/bin/../lib/gcc/arm-none-eabi/8.2.1/thumb/v7e-m+fp/hard/libgcc.a
LOAD /home/the_3d6/devtools/gcc-arm-none-eabi-8-2018-q4-major/bin/../lib/gcc/arm-none-eabi/8.2.1/../../../../arm-none-eabi/lib/thumb/v7e-m+fp/hard/libc.a
LOAD /home/the_3d6/devtools/gcc-arm-none-eabi-8-2018-q4-major/bin/../lib/gcc/arm-none-eabi/8.2.1/../../../../arm-none-eabi/lib/thumb/v7e-m+fp/hard/libnosys.a
END GROUP

.igot.plt       0x00000000200000c4        0x0 load address 0x0000000000003b2c
 .igot.plt      0x00000000200000c4        0x0 /home/the_3d6/devtools/gcc-arm-none-eabi-8-2018-q4-major/bin/../lib/gcc/arm-none-eabi/8.2.1/thumb/v7e-m+fp/hard/crtbegin.o
                0x00000000200000c4                . = ALIGN (0x4)

.mem_section_dummy_ram

.log_dynamic_data
                0x00000000200000c4        0x0
                [!provide]                        PROVIDE (__start_log_dynamic_data = .)
 *(.log_dynamic_data)
                [!provide]                        PROVIDE (__stop_log_dynamic_data = .)

.bss            0x00000000200000c4     0x1a98 load address 0x0000000000003b2c
                0x00000000200000c4                . = ALIGN (0x4)
                0x00000000200000c4                __bss_start__ = .
 *(.bss*)
 .bss           0x00000000200000c4       0x1c /home/the_3d6/devtools/gcc-arm-none-eabi-8-2018-q4-major/bin/../lib/gcc/arm-none-eabi/8.2.1/thumb/v7e-m+fp/hard/crtbegin.o
 .bss.ble_last_rcvd
                0x00000000200000e0        0x4 build/uboot_ble/main.c.o
                0x00000000200000e0                ble_last_rcvd
 .bss.code_uploading
                0x00000000200000e4        0x4 build/uboot_ble/main.c.o
                0x00000000200000e4                code_uploading
 .bss.filtered_bt_state.8388
                0x00000000200000e8        0x1 build/uboot_ble/main.c.o
 *fill*         0x00000000200000e9        0x3 
 .bss.last_adv_event_fw
                0x00000000200000ec        0x4 build/uboot_ble/main.c.o
                0x00000000200000ec                last_adv_event_fw
 .bss.last_pack_id
                0x00000000200000f0        0x1 build/uboot_ble/main.c.o
                0x00000000200000f0                last_pack_id
 *fill*         0x00000000200000f1        0x3 
 .bss.launch_address
                0x00000000200000f4        0x4 build/uboot_ble/main.c.o
                0x00000000200000f4                launch_address
 .bss.prev_bt_change.8386
                0x00000000200000f8        0x4 build/uboot_ble/main.c.o
 .bss.prev_sw_state.8389
                0x00000000200000fc        0x1 build/uboot_ble/main.c.o
 *fill*         0x00000000200000fd        0x3 
 .bss.remaining_bytes
                0x0000000020000100        0x4 build/uboot_ble/main.c.o
                0x0000000020000100                remaining_bytes
 .bss.send_fw_uuid.8362
                0x0000000020000104        0x4 build/uboot_ble/main.c.o
 .bss.upload_complete
                0x0000000020000108        0x4 build/uboot_ble/main.c.o
                0x0000000020000108                upload_complete
 .bss.written_words
                0x000000002000010c        0x4 build/uboot_ble/main.c.o
                0x000000002000010c                written_words
 .bss.mcs_time  0x0000000020000110        0x4 build/uboot_ble/urf_timer.c.o
                0x0000000020000110                mcs_time
 .bss.ms_counter
                0x0000000020000114        0x4 build/uboot_ble/urf_timer.c.o
                0x0000000020000114                ms_counter
 .bss.ms_time   0x0000000020000118        0x4 build/uboot_ble/urf_timer.c.o
                0x0000000020000118                ms_time
 .bss.s_counter
                0x000000002000011c        0x4 build/uboot_ble/urf_timer.c.o
                0x000000002000011c                s_counter
 .bss.s_time    0x0000000020000120        0x4 build/uboot_ble/urf_timer.c.o
                0x0000000020000120                s_time
 .bss.timed_event
                0x0000000020000124        0x4 build/uboot_ble/urf_timer.c.o
                0x0000000020000124                timed_event
 .bss.timed_event_adjustment
                0x0000000020000128        0x4 build/uboot_ble/urf_timer.c.o
                0x0000000020000128                timed_event_adjustment
 .bss.timed_event_adjustment_state
                0x000000002000012c        0x4 build/uboot_ble/urf_timer.c.o
                0x000000002000012c                timed_event_adjustment_state
 .bss.timed_event_delayed
                0x0000000020000130        0x4 build/uboot_ble/urf_timer.c.o
                0x0000000020000130                timed_event_delayed
 .bss.timed_event_period
                0x0000000020000134        0x4 build/uboot_ble/urf_timer.c.o
                0x0000000020000134                timed_event_period
 .bss.timed_event_repeat
                0x0000000020000138        0x4 build/uboot_ble/urf_timer.c.o
                0x0000000020000138                timed_event_repeat
 .bss.timed_subevent
                0x000000002000013c        0x4 build/uboot_ble/urf_timer.c.o
                0x000000002000013c                timed_subevent
 .bss.timed_subevent_enabled
                0x0000000020000140        0x4 build/uboot_ble/urf_timer.c.o
                0x0000000020000140                timed_subevent_enabled
 .bss.timer_on  0x0000000020000144        0x1 build/uboot_ble/urf_timer.c.o
                0x0000000020000144                timer_on
 *fill*         0x0000000020000145        0x3 
 .bss.ack_state
                0x0000000020000148        0x4 build/uboot_ble/urf_radio.c.o
                0x0000000020000148                ack_state
 .bss.auto_respond
                0x000000002000014c        0x1 build/uboot_ble/urf_radio.c.o
                0x000000002000014c                auto_respond
 .bss.current_mode
                0x000000002000014d        0x1 build/uboot_ble/urf_radio.c.o
                0x000000002000014d                current_mode
 *fill*         0x000000002000014e        0x2 
 .bss.last_processed_rx_packet
                0x0000000020000150        0x4 build/uboot_ble/urf_radio.c.o
                0x0000000020000150                last_processed_rx_packet
 .bss.resp_length
                0x0000000020000154        0x1 build/uboot_ble/urf_radio.c.o
                0x0000000020000154                resp_length
 *fill*         0x0000000020000155        0x3 
 .bss.rf_busy   0x0000000020000158        0x4 build/uboot_ble/urf_radio.c.o
                0x0000000020000158                rf_busy
 .bss.rf_irq_override
                0x000000002000015c        0x4 build/uboot_ble/urf_radio.c.o
                0x000000002000015c                rf_irq_override
 .bss.rf_rx_irq
                0x0000000020000160        0x4 build/uboot_ble/urf_radio.c.o
                0x0000000020000160                rf_rx_irq
 .bss.rf_tx_irq
                0x0000000020000164        0x4 build/uboot_ble/urf_radio.c.o
                0x0000000020000164                rf_tx_irq
 .bss.rx_packet_counter
                0x0000000020000168        0x4 build/uboot_ble/urf_radio.c.o
                0x0000000020000168                rx_packet_counter
 .bss.uart_rx_pos
                0x000000002000016c        0x1 build/uboot_ble/urf_uart.c.o
                0x000000002000016c                uart_rx_pos
 *fill*         0x000000002000016d        0x1 
 .bss.uart_scheduled_end
                0x000000002000016e        0x2 build/uboot_ble/urf_uart.c.o
                0x000000002000016e                uart_scheduled_end
 .bss.uart_transaction_end
                0x0000000020000170        0x2 build/uboot_ble/urf_uart.c.o
                0x0000000020000170                uart_transaction_end
 *fill*         0x0000000020000172        0x2 
 .bss.ble_conn_mode
                0x0000000020000174        0x4 build/uboot_ble/urf_ble_peripheral.c.o
                0x0000000020000174                ble_conn_mode
 .bss.ble_conn_state
                0x0000000020000178        0x4 build/uboot_ble/urf_ble_peripheral.c.o
                0x0000000020000178                ble_conn_state
 .bss.ble_last_rx_pack_crc
                0x000000002000017c        0x4 build/uboot_ble/urf_ble_peripheral.c.o
                0x000000002000017c                ble_last_rx_pack_crc
 .bss.ble_last_rx_pack_id
                0x0000000020000180        0x4 build/uboot_ble/urf_ble_peripheral.c.o
                0x0000000020000180                ble_last_rx_pack_id
 .bss.ble_last_rx_pack_len
                0x0000000020000184        0x4 build/uboot_ble/urf_ble_peripheral.c.o
                0x0000000020000184                ble_last_rx_pack_len
 .bss.ble_ll_same_event_response
                0x0000000020000188        0x4 build/uboot_ble/urf_ble_peripheral.c.o
                0x0000000020000188                ble_ll_same_event_response
 .bss.ble_radio_rxtx
                0x000000002000018c        0x4 build/uboot_ble/urf_ble_peripheral.c.o
                0x000000002000018c                ble_radio_rxtx
 .bss.encr_cons_err
                0x0000000020000190        0x4 build/uboot_ble/urf_ble_peripheral.c.o
                0x0000000020000190                encr_cons_err
 .bss.hop_noadjust_cnt
                0x0000000020000194        0x4 build/uboot_ble/urf_ble_peripheral.c.o
                0x0000000020000194                hop_noadjust_cnt
 .bss.hop_time_mcs
                0x0000000020000198        0x4 build/uboot_ble/urf_ble_peripheral.c.o
                0x0000000020000198                hop_time_mcs
 .bss.rx_micros
                0x000000002000019c        0x4 build/uboot_ble/urf_ble_peripheral.c.o
                0x000000002000019c                rx_micros
 .bss.characteristics_count
                0x00000000200001a0        0x4 build/uboot_ble/urf_ble_att_process.c.o
                0x00000000200001a0                characteristics_count
 .bss.service_count
                0x00000000200001a4        0x4 build/uboot_ble/urf_ble_att_process.c.o
                0x00000000200001a4                service_count
 *(COMMON)
 COMMON         0x00000000200001a8      0x62c build/uboot_ble/main.c.o
                0x00000000200001a8                pack_resp
                0x00000000200001b8                uart_in_packet
                0x00000000200002e4                ble_boot_response
                0x0000000020000304                gap_name_ch
                0x0000000020000458                GAP_service
                0x00000000200004b8                radio_resp
                0x00000000200004c8                gap_appearance_ch
                0x000000002000061c                FW_service
                0x000000002000067c                fw_io_ch
                0x00000000200007d0                uart_buf_length
 COMMON         0x00000000200007d4      0x244 build/uboot_ble/urf_radio.c.o
                0x00000000200007d4                resp_crc_fail
                0x00000000200007f4                resp_crc_ok
                0x0000000020000814                tx_packet
                0x0000000020000914                rx_packet
                0x0000000020000a14                pack_payload
 COMMON         0x0000000020000a18      0x434 build/uboot_ble/urf_uart.c.o
                0x0000000020000a18                uart_buf_tx
                0x0000000020000c2a                uart_buf_rx
                0x0000000020000d4c                umsg
 COMMON         0x0000000020000e4c      0xba0 build/uboot_ble/urf_ble_peripheral.c.o
                0x0000000020000e4c                smp_link
                0x0000000020000ee8                ble_tx_buffer_pre
                0x0000000020000ff6                ble_LL_channel_map
                0x000000002000101e                ble_tx_buffer
                0x000000002000112c                ble_encr_temp_buf
                0x0000000020001244                ll_link
                0x0000000020001364                ble_rx_buffer
                0x0000000020001472                att_link
                0x0000000020001574                ble_rx_buffer_encr
                0x0000000020001682                ble_tx_buffer_encr
                0x0000000020001790                ble_LL_pending_response
                0x00000000200017b0                incoming_mac
                0x00000000200017b8                our_tx_header
                0x00000000200017bc                ble_last_rx_pack_buf
                0x00000000200018cc                ll_link_update
 COMMON         0x00000000200019ec       0x30 build/uboot_ble/urf_ble_encryption.c.o
                0x00000000200019ec                nrf_aes_data
 COMMON         0x0000000020001a1c      0x140 build/uboot_ble/urf_ble_att_process.c.o
                0x0000000020001a1c                all_characteristics_idx
                0x0000000020001b1c                all_services_idx
                0x0000000020001b5c                . = ALIGN (0x4)
                0x0000000020001b5c                __bss_end__ = .

.heap           0x0000000020001b60     0x4000
                0x0000000020001b60                __HeapBase = .
                0x0000000020001b60                __end__ = .
                0x0000000020001b60                PROVIDE (end = .)
 *(.heap*)
 .heap          0x0000000020001b60     0x4000 build/uboot_ble/gcc_startup_nrf52.S.o
                0x0000000020005b60                __HeapLimit = .

.stack_dummy    0x0000000020001b60     0x4000
 *(.stack*)
 .stack         0x0000000020001b60     0x4000 build/uboot_ble/gcc_startup_nrf52.S.o
                0x0000000020010000                __StackTop = (ORIGIN (RAM) + LENGTH (RAM))
                0x000000002000c000                __StackLimit = (__StackTop - SIZEOF (.stack_dummy))
                0x0000000020010000                PROVIDE (__stack = __StackTop)
                0x0000000000000001                ASSERT ((__StackLimit >= __HeapLimit), region RAM overflowed with stack)
                0x00000000000000c4                DataInitFlashUsed = (__bss_start__ - __data_start__)
                0x0000000000003a68                CodeFlashUsed = (__etext - ORIGIN (FLASH))
                0x0000000000003b2c                TotalFlashUsed = (CodeFlashUsed + DataInitFlashUsed)
                0x0000000000000001                ASSERT ((TotalFlashUsed <= LENGTH (FLASH)), region FLASH overflowed with .data and user data)
OUTPUT(build/uboot_ble.out elf32-littlearm)

.ARM.attributes
                0x0000000000000000       0x30
 .ARM.attributes
                0x0000000000000000       0x1e /home/the_3d6/devtools/gcc-arm-none-eabi-8-2018-q4-major/bin/../lib/gcc/arm-none-eabi/8.2.1/thumb/v7e-m+fp/hard/crti.o
 .ARM.attributes
                0x000000000000001e       0x34 /home/the_3d6/devtools/gcc-arm-none-eabi-8-2018-q4-major/bin/../lib/gcc/arm-none-eabi/8.2.1/thumb/v7e-m+fp/hard/crtbegin.o
 .ARM.attributes
                0x0000000000000052       0x1c /home/the_3d6/devtools/gcc-arm-none-eabi-8-2018-q4-major/bin/../lib/gcc/arm-none-eabi/8.2.1/../../../../arm-none-eabi/lib/thumb/v7e-m+fp/hard/crt0.o
 .ARM.attributes
                0x000000000000006e       0x34 build/uboot_ble/main.c.o
 .ARM.attributes
                0x00000000000000a2       0x34 build/uboot_ble/urf_timer.c.o
 .ARM.attributes
                0x00000000000000d6       0x34 build/uboot_ble/urf_radio.c.o
 .ARM.attributes
                0x000000000000010a       0x34 build/uboot_ble/urf_uart.c.o
 .ARM.attributes
                0x000000000000013e       0x34 build/uboot_ble/urf_ble_peripheral.c.o
 .ARM.attributes
                0x0000000000000172       0x34 build/uboot_ble/urf_ble_encryption.c.o
 .ARM.attributes
                0x00000000000001a6       0x34 build/uboot_ble/urf_ble_smp_process.c.o
 .ARM.attributes
                0x00000000000001da       0x34 build/uboot_ble/urf_ble_att_process.c.o
 .ARM.attributes
                0x000000000000020e       0x1c build/uboot_ble/gcc_startup_nrf52.S.o
 .ARM.attributes
                0x000000000000022a       0x34 /home/the_3d6/devtools/gcc-arm-none-eabi-8-2018-q4-major/bin/../lib/gcc/arm-none-eabi/8.2.1/../../../../arm-none-eabi/lib/thumb/v7e-m+fp/hard/libc_nano.a(lib_a-exit.o)
 .ARM.attributes
                0x000000000000025e       0x32 /home/the_3d6/devtools/gcc-arm-none-eabi-8-2018-q4-major/bin/../lib/gcc/arm-none-eabi/8.2.1/../../../../arm-none-eabi/lib/thumb/v7e-m+fp/hard/libc_nano.a(lib_a-impure.o)
 .ARM.attributes
                0x0000000000000290       0x34 /home/the_3d6/devtools/gcc-arm-none-eabi-8-2018-q4-major/bin/../lib/gcc/arm-none-eabi/8.2.1/../../../../arm-none-eabi/lib/thumb/v7e-m+fp/hard/libc_nano.a(lib_a-init.o)
 .ARM.attributes
                0x00000000000002c4       0x34 /home/the_3d6/devtools/gcc-arm-none-eabi-8-2018-q4-major/bin/../lib/gcc/arm-none-eabi/8.2.1/../../../../arm-none-eabi/lib/thumb/v7e-m+fp/hard/libc_nano.a(lib_a-memset.o)
 .ARM.attributes
                0x00000000000002f8       0x34 /home/the_3d6/devtools/gcc-arm-none-eabi-8-2018-q4-major/bin/../lib/gcc/arm-none-eabi/8.2.1/../../../../arm-none-eabi/lib/thumb/v7e-m+fp/hard/libnosys.a(_exit.o)
 .ARM.attributes
                0x000000000000032c       0x32 /home/the_3d6/devtools/gcc-arm-none-eabi-8-2018-q4-major/bin/../lib/gcc/arm-none-eabi/8.2.1/thumb/v7e-m+fp/hard/crtend.o
 .ARM.attributes
                0x000000000000035e       0x1e /home/the_3d6/devtools/gcc-arm-none-eabi-8-2018-q4-major/bin/../lib/gcc/arm-none-eabi/8.2.1/thumb/v7e-m+fp/hard/crtn.o

.comment        0x0000000000000000       0x75
 .comment       0x0000000000000000       0x75 build/uboot_ble/main.c.o
                                         0x76 (size before relaxing)
 .comment       0x0000000000000075       0x76 build/uboot_ble/urf_timer.c.o
 .comment       0x0000000000000075       0x76 build/uboot_ble/urf_radio.c.o
 .comment       0x0000000000000075       0x76 build/uboot_ble/urf_uart.c.o
 .comment       0x0000000000000075       0x76 build/uboot_ble/urf_ble_peripheral.c.o
 .comment       0x0000000000000075       0x76 build/uboot_ble/urf_ble_encryption.c.o
 .comment       0x0000000000000075       0x76 build/uboot_ble/urf_ble_smp_process.c.o
 .comment       0x0000000000000075       0x76 build/uboot_ble/urf_ble_att_process.c.o

.debug_line     0x0000000000000000       0x80
 .debug_line    0x0000000000000000       0x80 build/uboot_ble/gcc_startup_nrf52.S.o

.debug_info     0x0000000000000000       0x26
 .debug_info    0x0000000000000000       0x26 build/uboot_ble/gcc_startup_nrf52.S.o

.debug_abbrev   0x0000000000000000       0x14
 .debug_abbrev  0x0000000000000000       0x14 build/uboot_ble/gcc_startup_nrf52.S.o

.debug_aranges  0x0000000000000000       0x20
 .debug_aranges
                0x0000000000000000       0x20 build/uboot_ble/gcc_startup_nrf52.S.o

.debug_str      0x0000000000000000       0x8a
 .debug_str     0x0000000000000000       0x8a build/uboot_ble/gcc_startup_nrf52.S.o

.debug_frame    0x0000000000000000       0x94
 .debug_frame   0x0000000000000000       0x28 /home/the_3d6/devtools/gcc-arm-none-eabi-8-2018-q4-major/bin/../lib/gcc/arm-none-eabi/8.2.1/../../../../arm-none-eabi/lib/thumb/v7e-m+fp/hard/libc_nano.a(lib_a-exit.o)
 .debug_frame   0x0000000000000028       0x2c /home/the_3d6/devtools/gcc-arm-none-eabi-8-2018-q4-major/bin/../lib/gcc/arm-none-eabi/8.2.1/../../../../arm-none-eabi/lib/thumb/v7e-m+fp/hard/libc_nano.a(lib_a-init.o)
 .debug_frame   0x0000000000000054       0x20 /home/the_3d6/devtools/gcc-arm-none-eabi-8-2018-q4-major/bin/../lib/gcc/arm-none-eabi/8.2.1/../../../../arm-none-eabi/lib/thumb/v7e-m+fp/hard/libc_nano.a(lib_a-memset.o)
 .debug_frame   0x0000000000000074       0x20 /home/the_3d6/devtools/gcc-arm-none-eabi-8-2018-q4-major/bin/../lib/gcc/arm-none-eabi/8.2.1/../../../../arm-none-eabi/lib/thumb/v7e-m+fp/hard/libnosys.a(_exit.o)
